// Jest Snapshot v1, https://goo.gl/fbAQLP

exports[`should render AccountListItem for a account 1`] = `
<div>
  <Link
    replace={false}
    to="/accounts/1"
  >
    <h3>
      Katz
    </h3>
  </Link>
  <p>
    Balance: 
    $220.00
  </p>
</div>
`;
